5.255.210.93 - - [06/Nov/2013:01:16:20 +0400] "GET / HTTP/1.0" 200 67091 "-" "Mozilla/5.0 (compatible; YandexMetrika/2.0; +http://yandex.com/bots mon3)"
178.154.224.114 - - [06/Nov/2013:01:24:45 +0400] "GET / HTTP/1.0" 200 67091 "-" "Mozilla/5.0 (compatible; YandexMetrika/2.0; +http://yandex.com/bots TEST)"
95.108.129.207 - - [06/Nov/2013:02:37:00 +0400] "GET / HTTP/1.0" 200 67091 "-" "Mozilla/5.0 (compatible; YandexMetrika/2.0; +http://yandex.com/bots mon1)"
213.180.206.197 - - [06/Nov/2013:02:43:54 +0400] "GET / HTTP/1.0" 200 67091 "-" "Mozilla/5.0 (compatible; YandexMetrika/2.0; +http://yandex.com/bots mon2)"
37.9.84.253 - - [06/Nov/2013:03:43:45 +0400] "GET / HTTP/1.0" 200 67091 "-" "Mozilla/5.0 (compatible; YandexFavicons/1.0; +http://yandex.com/bots)"
37.9.84.253 - - [06/Nov/2013:03:43:45 +0400] "GET /images/favicon.png HTTP/1.0" 200 4986 "-" "Mozilla/5.0 (compatible; YandexFavicons/1.0; +http://yandex.com/bots)"
5.255.210.93 - - [06/Nov/2013:04:23:53 +0400] "GET / HTTP/1.0" 200 67091 "-" "Mozilla/5.0 (compatible; YandexMetrika/2.0; +http://yandex.com/bots mon3)"
178.154.224.114 - - [06/Nov/2013:04:31:07 +0400] "GET / HTTP/1.0" 200 67091 "-" "Mozilla/5.0 (compatible; YandexMetrika/2.0; +http://yandex.com/bots TEST)"
5.255.210.93 - - [06/Nov/2013:04:55:39 +0400] "GET / HTTP/1.0" 200 67091 "-" "Mozilla/5.0 (compatible; YandexMetrika/2.0; +http://yandex.com/bots mon3v2)"
95.108.245.252 - - [06/Nov/2013:05:04:37 +0400] "GET /index.html HTTP/1.0" 200 67091 "-" "Mozilla/5.0 (compatible; YandexBot/3.0; +http://yandex.com/bots)"
95.108.129.207 - - [06/Nov/2013:05:42:56 +0400] "GET / HTTP/1.0" 200 67091 "-" "Mozilla/5.0 (compatible; YandexMetrika/2.0; +http://yandex.com/bots mon1)"
213.180.206.197 - - [06/Nov/2013:05:45:29 +0400] "GET / HTTP/1.0" 200 67091 "-" "Mozilla/5.0 (compatible; YandexMetrika/2.0; +http://yandex.com/bots mon2)"
195.239.178.205 - - [06/Nov/2013:06:14:41 +0400] "GET / HTTP/1.0" 200 67091 "-" "Mozilla/5.0 (compatible; Nigma.ru/3.0; crawler@nigma.ru)"
5.255.210.93 - - [06/Nov/2013:07:34:17 +0400] "GET / HTTP/1.0" 200 67091 "-" "Mozilla/5.0 (compatible; YandexMetrika/2.0; +http://yandex.com/bots mon3)"
178.154.224.114 - - [06/Nov/2013:07:35:41 +0400] "GET / HTTP/1.0" 200 67091 "-" "Mozilla/5.0 (compatible; YandexMetrika/2.0; +http://yandex.com/bots TEST)"
95.108.129.207 - - [06/Nov/2013:08:48:02 +0400] "GET / HTTP/1.0" 200 67091 "-" "Mozilla/5.0 (compatible; YandexMetrika/2.0; +http://yandex.com/bots mon1)"
46.19.114.144 - - [06/Nov/2013:08:48:05 +0400] "GET / HTTP/1.0" 200 67091 "http://yandex.ru/clck/jsredir?from=yandex.ru%3Byandsearch%3Bweb%3B%3B&text=%D0%BB%D0%B8%D1%86%D0%B5%D0%BD%D0%B7%D0%B8%D1%8F%20%D0%BD%D0%B0%20%D0%B3%D1%80%D1%83%D0%B7%D0%BE%D0%BF%D0%B5%D1%80%D0%B5%D0%B2%D0%BE%D0%B7%D0%BA%D0%B8%20%D0%BD%D0%B0%20%D1%81%D0%B2%D0%BE%D0%B5%D0%B9%20%D0%B3%D0%B0%D0%B7%D0%B5%D0%BB%D0%B8&uuid=&state=AiuY0DBWFJ4ePaEse6rgeAjgs2pI3DW99KUdgowt9XujWdVUNG4aJnASdi5W6iBGL7_tiveYeuPkbRAqEM4IO-MHRv93gX2LTUczsJcFUexhI5c4F3W7NaSXTVGKYOGz9hLUwMMs5Gsf9EcdtKynYOWJpzVmS17EZdOClh60ERK2n_2HE5n2mlGxwYn7QmAX&data=UlNrNmk5WktYejR0eWJFYk1LdmtxcFdaUmJZTlVCdDZJTDhEcHRMRFhvX0JKUldITWxDRnE2NWt1MThSWHVLYjU3bTdqR19JOU1UQjZaSy15b0MxS3ZURlFOaHRHNlhOWEN5UDgwaEJfTTRJT0VoY29FZ0VEcUFuTnZDQUlQZnU&b64e=2&sign=13e0a394892f2d95d23079da48bf659b&keyno=0&l10n=ru&mc=4.113041465494859" "Mozilla/5.0 (Windows NT 6.1; WOW64; rv:25.0) Gecko/20100101 Firefox/25.0"
46.19.114.144 - - [06/Nov/2013:08:48:05 +0400] "GET /design2.css HTTP/1.0" 200 3590 "http://www.xn--52-dlcdkamdjt3bdjle7b.xn--p1ai/" "Mozilla/5.0 (Windows NT 6.1; WOW64; rv:25.0) Gecko/20100101 Firefox/25.0"
46.19.114.144 - - [06/Nov/2013:08:48:06 +0400] "GET /images/in1.png HTTP/1.0" 200 68557 "http://www.xn--52-dlcdkamdjt3bdjle7b.xn--p1ai/" "Mozilla/5.0 (Windows NT 6.1; WOW64; rv:25.0) Gecko/20100101 Firefox/25.0"
46.19.114.144 - - [06/Nov/2013:08:48:06 +0400] "GET /images/in2.png HTTP/1.0" 200 58652 "http://www.xn--52-dlcdkamdjt3bdjle7b.xn--p1ai/" "Mozilla/5.0 (Windows NT 6.1; WOW64; rv:25.0) Gecko/20100101 Firefox/25.0"
46.19.114.144 - - [06/Nov/2013:08:48:06 +0400] "GET /images/favicon.png HTTP/1.0" 200 4986 "-" "Mozilla/5.0 (Windows NT 6.1; WOW64; rv:25.0) Gecko/20100101 Firefox/25.0"
46.19.114.144 - - [06/Nov/2013:08:48:06 +0400] "GET /images/column.jpg HTTP/1.0" 200 373 "http://www.xn--52-dlcdkamdjt3bdjle7b.xn--p1ai/design2.css" "Mozilla/5.0 (Windows NT 6.1; WOW64; rv:25.0) Gecko/20100101 Firefox/25.0"
46.19.114.144 - - [06/Nov/2013:08:48:06 +0400] "GET /images/in3.png HTTP/1.0" 200 64516 "http://www.xn--52-dlcdkamdjt3bdjle7b.xn--p1ai/" "Mozilla/5.0 (Windows NT 6.1; WOW64; rv:25.0) Gecko/20100101 Firefox/25.0"
46.19.114.144 - - [06/Nov/2013:08:48:06 +0400] "GET /images/skidka.jpg HTTP/1.0" 200 24249 "http://www.xn--52-dlcdkamdjt3bdjle7b.xn--p1ai/" "Mozilla/5.0 (Windows NT 6.1; WOW64; rv:25.0) Gecko/20100101 Firefox/25.0"
46.19.114.144 - - [06/Nov/2013:08:48:06 +0400] "GET /images/logo.jpg HTTP/1.0" 200 351 "http://www.xn--52-dlcdkamdjt3bdjle7b.xn--p1ai/design2.css" "Mozilla/5.0 (Windows NT 6.1; WOW64; rv:25.0) Gecko/20100101 Firefox/25.0"
46.19.114.144 - - [06/Nov/2013:08:48:06 +0400] "GET /images/shadow.jpg HTTP/1.0" 200 1081 "http://www.xn--52-dlcdkamdjt3bdjle7b.xn--p1ai/design2.css" "Mozilla/5.0 (Windows NT 6.1; WOW64; rv:25.0) Gecko/20100101 Firefox/25.0"
46.19.114.144 - - [06/Nov/2013:08:48:06 +0400] "GET /images/footer.jpg HTTP/1.0" 200 479 "http://www.xn--52-dlcdkamdjt3bdjle7b.xn--p1ai/design2.css" "Mozilla/5.0 (Windows NT 6.1; WOW64; rv:25.0) Gecko/20100101 Firefox/25.0"
46.19.114.144 - - [06/Nov/2013:08:48:06 +0400] "GET /images/gazel_logo.gif HTTP/1.0" 200 211431 "http://www.xn--52-dlcdkamdjt3bdjle7b.xn--p1ai/design2.css" "Mozilla/5.0 (Windows NT 6.1; WOW64; rv:25.0) Gecko/20100101 Firefox/25.0"
213.180.206.197 - - [06/Nov/2013:08:48:39 +0400] "GET / HTTP/1.0" 200 67091 "-" "Mozilla/5.0 (compatible; YandexMetrika/2.0; +http://yandex.com/bots mon2)"
5.255.210.93 - - [06/Nov/2013:08:51:52 +0400] "GET / HTTP/1.0" 200 67091 "-" "Mozilla/5.0 (compatible; YandexMetrika/2.0; +http://yandex.com/bots mon3v2)"
95.108.245.252 - - [06/Nov/2013:08:52:27 +0400] "GET /robots.txt HTTP/1.0" 404 1411 "-" "Mozilla/5.0 (compatible; YandexBot/3.0; +http://yandex.com/bots)"
95.153.199.205, 82.145.221.122 - - [06/Nov/2013:09:51:43 +0400] "GET / HTTP/1.0" 200 67091 "http://yandex.ru/msearch?text=www%2e%d0%b3%d1%80%d1%83%d0%b7%d0%be%d0%bf%d0%b5%d1%80%d0%b5%d0%b2%d0%be%d0%b7%d0%ba%d0%b8%20%d1%81%d1%82%d0%b0%d0%b2%d1%80%d0%be%d0%bf%d0%be%d0%bb%d1%8c%2eru&clid=1453726" "Opera/9.80 (J2ME/MIDP; Opera Mini/4.4.28684/32.1125; U; ru) Presto/2.8.119 Version/11.10"
82.145.221.122 - - [06/Nov/2013:09:51:43 +0400] "GET /design2.css HTTP/1.0" 200 3590 "http://www.xn--52-dlcdkamdjt3bdjle7b.xn--p1ai/" "Opera/9.80 (J2ME/MIDP; Opera Mini/4.4.28684/32.1125; U; ru) Presto/2.8.119 Version/11.10"
82.145.221.122 - - [06/Nov/2013:09:51:43 +0400] "GET /images/favicon.png HTTP/1.0" 200 4986 "http://www.xn--52-dlcdkamdjt3bdjle7b.xn--p1ai/" "Opera/9.80 (J2ME/MIDP; Opera Mini/4.4.28684/32.1125; U; ru) Presto/2.8.119 Version/11.10"
82.145.221.122 - - [06/Nov/2013:09:51:43 +0400] "GET /images/in1.png HTTP/1.0" 200 68557 "http://www.xn--52-dlcdkamdjt3bdjle7b.xn--p1ai/" "Opera/9.80 (J2ME/MIDP; Opera Mini/4.4.28684/32.1125; U; ru) Presto/2.8.119 Version/11.10"
82.145.221.122 - - [06/Nov/2013:09:51:43 +0400] "GET /images/in3.png HTTP/1.0" 200 64516 "http://www.xn--52-dlcdkamdjt3bdjle7b.xn--p1ai/" "Opera/9.80 (J2ME/MIDP; Opera Mini/4.4.28684/32.1125; U; ru) Presto/2.8.119 Version/11.10"
82.145.221.122 - - [06/Nov/2013:09:51:43 +0400] "GET /images/skidka.jpg HTTP/1.0" 200 24249 "http://www.xn--52-dlcdkamdjt3bdjle7b.xn--p1ai/" "Opera/9.80 (J2ME/MIDP; Opera Mini/4.4.28684/32.1125; U; ru) Presto/2.8.119 Version/11.10"
82.145.221.122 - - [06/Nov/2013:09:51:43 +0400] "GET /images/in2.png HTTP/1.0" 200 58652 "http://www.xn--52-dlcdkamdjt3bdjle7b.xn--p1ai/" "Opera/9.80 (J2ME/MIDP; Opera Mini/4.4.28684/32.1125; U; ru) Presto/2.8.119 Version/11.10"
82.145.221.122 - - [06/Nov/2013:09:51:43 +0400] "GET /images/column.jpg HTTP/1.0" 200 373 "http://www.xn--52-dlcdkamdjt3bdjle7b.xn--p1ai/" "Opera/9.80 (J2ME/MIDP; Opera Mini/4.4.28684/32.1125; U; ru) Presto/2.8.119 Version/11.10"
82.145.221.122 - - [06/Nov/2013:09:51:43 +0400] "GET /images/logo.jpg HTTP/1.0" 200 351 "http://www.xn--52-dlcdkamdjt3bdjle7b.xn--p1ai/" "Opera/9.80 (J2ME/MIDP; Opera Mini/4.4.28684/32.1125; U; ru) Presto/2.8.119 Version/11.10"
82.145.221.122 - - [06/Nov/2013:09:51:43 +0400] "GET /images/footer.jpg HTTP/1.0" 200 479 "http://www.xn--52-dlcdkamdjt3bdjle7b.xn--p1ai/" "Opera/9.80 (J2ME/MIDP; Opera Mini/4.4.28684/32.1125; U; ru) Presto/2.8.119 Version/11.10"
82.145.221.122 - - [06/Nov/2013:09:51:43 +0400] "GET /images/gazel_logo.gif HTTP/1.0" 200 211431 "http://www.xn--52-dlcdkamdjt3bdjle7b.xn--p1ai/" "Opera/9.80 (J2ME/MIDP; Opera Mini/4.4.28684/32.1125; U; ru) Presto/2.8.119 Version/11.10"
82.145.221.122 - - [06/Nov/2013:09:51:43 +0400] "GET /images/shadow.jpg HTTP/1.0" 200 1081 "http://www.xn--52-dlcdkamdjt3bdjle7b.xn--p1ai/" "Opera/9.80 (J2ME/MIDP; Opera Mini/4.4.28684/32.1125; U; ru) Presto/2.8.119 Version/11.10"
5.255.210.93 - - [06/Nov/2013:10:38:54 +0400] "GET / HTTP/1.0" 200 67091 "-" "Mozilla/5.0 (compatible; YandexMetrika/2.0; +http://yandex.com/bots mon3)"
93.158.155.137 - - [06/Nov/2013:10:42:07 +0400] "GET / HTTP/1.0" 200 67091 "-" "Mozilla/5.0 (compatible; YandexMetrika/2.0; +http://yandex.com/bots)"
178.154.224.114 - - [06/Nov/2013:10:43:38 +0400] "GET / HTTP/1.0" 200 67091 "-" "Mozilla/5.0 (compatible; YandexMetrika/2.0; +http://yandex.com/bots TEST)"
208.115.113.86 - - [06/Nov/2013:11:09:51 +0400] "GET /robots.txt HTTP/1.0" 404 1411 "-" "Mozilla/5.0 (compatible; Ezooms/1.0; ezooms.bot@gmail.com)"
95.108.129.207 - - [06/Nov/2013:11:54:55 +0400] "GET / HTTP/1.0" 200 67091 "-" "Mozilla/5.0 (compatible; YandexMetrika/2.0; +http://yandex.com/bots mon1)"
208.115.113.86 - - [06/Nov/2013:11:58:42 +0400] "GET /html/oneoae.html HTTP/1.0" 200 13770 "-" "Mozilla/5.0 (compatible; Ezooms/1.0; ezooms.bot@gmail.com)"
213.180.206.197 - - [06/Nov/2013:12:01:45 +0400] "GET / HTTP/1.0" 200 67091 "-" "Mozilla/5.0 (compatible; YandexMetrika/2.0; +http://yandex.com/bots mon2)"
5.255.210.93 - - [06/Nov/2013:13:47:59 +0400] "GET / HTTP/1.0" 200 67091 "-" "Mozilla/5.0 (compatible; YandexMetrika/2.0; +http://yandex.com/bots mon3)"
178.154.224.114 - - [06/Nov/2013:13:57:11 +0400] "GET / HTTP/1.0" 200 67091 "-" "Mozilla/5.0 (compatible; YandexMetrika/2.0; +http://yandex.com/bots TEST)"
5.255.210.93 - - [06/Nov/2013:14:09:07 +0400] "GET / HTTP/1.0" 200 67091 "-" "Mozilla/5.0 (compatible; YandexMetrika/2.0; +http://yandex.com/bots mon3v2)"
95.108.129.207 - - [06/Nov/2013:14:59:43 +0400] "GET / HTTP/1.0" 200 67091 "-" "Mozilla/5.0 (compatible; YandexMetrika/2.0; +http://yandex.com/bots mon1)"
213.180.206.197 - - [06/Nov/2013:15:07:41 +0400] "GET / HTTP/1.0" 200 67091 "-" "Mozilla/5.0 (compatible; YandexMetrika/2.0; +http://yandex.com/bots mon2)"
5.255.210.93 - - [06/Nov/2013:16:52:30 +0400] "GET / HTTP/1.0" 200 67091 "-" "Mozilla/5.0 (compatible; YandexMetrika/2.0; +http://yandex.com/bots mon3)"
178.154.224.114 - - [06/Nov/2013:17:03:39 +0400] "GET / HTTP/1.0" 200 67091 "-" "Mozilla/5.0 (compatible; YandexMetrika/2.0; +http://yandex.com/bots TEST)"
5.255.210.93 - - [06/Nov/2013:17:34:22 +0400] "GET / HTTP/1.0" 200 67091 "-" "Mozilla/5.0 (compatible; YandexMetrika/2.0; +http://yandex.com/bots mon3v2)"
95.108.129.207 - - [06/Nov/2013:18:07:33 +0400] "GET / HTTP/1.0" 200 67091 "-" "Mozilla/5.0 (compatible; YandexMetrika/2.0; +http://yandex.com/bots mon1)"
213.180.206.197 - - [06/Nov/2013:18:13:04 +0400] "GET / HTTP/1.0" 200 67091 "-" "Mozilla/5.0 (compatible; YandexMetrika/2.0; +http://yandex.com/bots mon2)"
66.249.66.171 - - [06/Nov/2013:18:33:16 +0400] "GET /robots.txt HTTP/1.0" 404 1411 "-" "Mozilla/5.0 (compatible; Googlebot/2.1; +http://www.google.com/bot.html)"
66.249.78.236 - - [06/Nov/2013:18:33:16 +0400] "GET / HTTP/1.0" 200 67091 "-" "Mozilla/5.0 (compatible; Googlebot/2.1; +http://www.google.com/bot.html)"
66.249.78.10 - - [06/Nov/2013:18:47:46 +0400] "GET /design2.css HTTP/1.0" 200 3590 "-" "Mozilla/5.0 (compatible; Googlebot/2.1; +http://www.google.com/bot.html)"
