213.180.206.197 - - [06/Nov/2013:00:10:18 +0400] "GET / HTTP/1.0" 200 67026 "-" "Mozilla/5.0 (compatible; YandexMetrika/2.0; +http://yandex.com/bots mon2)"
123.125.71.58 - - [06/Nov/2013:00:36:40 +0400] "GET /robots.txt HTTP/1.0" 404 1411 "-" "Mozilla/5.0 (compatible; Baiduspider/2.0; +http://www.baidu.com/search/spider.html)"
178.154.224.114 - - [06/Nov/2013:01:56:02 +0400] "GET / HTTP/1.0" 200 67026 "-" "Mozilla/5.0 (compatible; YandexMetrika/2.0; +http://yandex.com/bots TEST)"
95.108.129.207 - - [06/Nov/2013:02:16:11 +0400] "GET / HTTP/1.0" 200 67026 "-" "Mozilla/5.0 (compatible; YandexMetrika/2.0; +http://yandex.com/bots mon1)"
5.255.210.93 - - [06/Nov/2013:02:53:26 +0400] "GET / HTTP/1.0" 200 67026 "-" "Mozilla/5.0 (compatible; YandexMetrika/2.0; +http://yandex.com/bots mon3v2)"
5.255.210.93 - - [06/Nov/2013:03:05:55 +0400] "GET / HTTP/1.0" 200 67026 "-" "Mozilla/5.0 (compatible; YandexMetrika/2.0; +http://yandex.com/bots mon3)"
213.180.206.197 - - [06/Nov/2013:03:15:46 +0400] "GET / HTTP/1.0" 200 67026 "-" "Mozilla/5.0 (compatible; YandexMetrika/2.0; +http://yandex.com/bots mon2)"
195.239.178.205 - - [06/Nov/2013:03:42:24 +0400] "GET / HTTP/1.0" 200 67026 "-" "Mozilla/5.0 (compatible; Nigma.ru/3.0; crawler@nigma.ru)"
220.181.108.108 - - [06/Nov/2013:03:54:52 +0400] "GET / HTTP/1.0" 200 67026 "-" "Mozilla/5.0 (compatible; Baiduspider/2.0; +http://www.baidu.com/search/spider.html)"
93.158.155.137 - - [06/Nov/2013:04:03:08 +0400] "GET / HTTP/1.0" 200 67026 "-" "Mozilla/5.0 (compatible; YandexMetrika/2.0; +http://yandex.com/bots)"
178.154.224.114 - - [06/Nov/2013:05:00:43 +0400] "GET / HTTP/1.0" 200 67026 "-" "Mozilla/5.0 (compatible; YandexMetrika/2.0; +http://yandex.com/bots TEST)"
95.108.129.207 - - [06/Nov/2013:05:24:54 +0400] "GET / HTTP/1.0" 200 67026 "-" "Mozilla/5.0 (compatible; YandexMetrika/2.0; +http://yandex.com/bots mon1)"
37.9.84.253 - - [06/Nov/2013:05:56:41 +0400] "GET / HTTP/1.0" 200 67026 "-" "Mozilla/5.0 (compatible; YandexFavicons/1.0; +http://yandex.com/bots)"
37.9.84.253 - - [06/Nov/2013:05:56:41 +0400] "GET /images/favicon.png HTTP/1.0" 200 4986 "-" "Mozilla/5.0 (compatible; YandexFavicons/1.0; +http://yandex.com/bots)"
157.56.229.185 - - [06/Nov/2013:06:07:57 +0400] "GET /robots.txt HTTP/1.0" 404 1411 "-" "Mozilla/5.0 (compatible; bingbot/2.0; +http://www.bing.com/bingbot.htm)"
157.56.229.185 - - [06/Nov/2013:06:08:36 +0400] "GET / HTTP/1.0" 200 67026 "-" "Mozilla/5.0 (compatible; bingbot/2.0; +http://www.bing.com/bingbot.htm)"
5.255.210.93 - - [06/Nov/2013:06:15:50 +0400] "GET / HTTP/1.0" 200 67026 "-" "Mozilla/5.0 (compatible; YandexMetrika/2.0; +http://yandex.com/bots mon3)"
213.180.206.197 - - [06/Nov/2013:06:22:59 +0400] "GET / HTTP/1.0" 200 67026 "-" "Mozilla/5.0 (compatible; YandexMetrika/2.0; +http://yandex.com/bots mon2)"
5.255.210.93 - - [06/Nov/2013:06:27:39 +0400] "GET / HTTP/1.0" 200 67026 "-" "Mozilla/5.0 (compatible; YandexMetrika/2.0; +http://yandex.com/bots mon3v2)"
178.154.224.114 - - [06/Nov/2013:08:06:35 +0400] "GET / HTTP/1.0" 200 67026 "-" "Mozilla/5.0 (compatible; YandexMetrika/2.0; +http://yandex.com/bots TEST)"
95.108.129.207 - - [06/Nov/2013:08:30:41 +0400] "GET / HTTP/1.0" 200 67026 "-" "Mozilla/5.0 (compatible; YandexMetrika/2.0; +http://yandex.com/bots mon1)"
5.255.210.93 - - [06/Nov/2013:09:27:44 +0400] "GET / HTTP/1.0" 200 67026 "-" "Mozilla/5.0 (compatible; YandexMetrika/2.0; +http://yandex.com/bots mon3)"
213.180.206.197 - - [06/Nov/2013:09:30:35 +0400] "GET / HTTP/1.0" 200 67026 "-" "Mozilla/5.0 (compatible; YandexMetrika/2.0; +http://yandex.com/bots mon2)"
178.154.224.114 - - [06/Nov/2013:11:09:45 +0400] "GET / HTTP/1.0" 200 67026 "-" "Mozilla/5.0 (compatible; YandexMetrika/2.0; +http://yandex.com/bots TEST)"
95.108.129.207 - - [06/Nov/2013:11:36:41 +0400] "GET / HTTP/1.0" 200 67026 "-" "Mozilla/5.0 (compatible; YandexMetrika/2.0; +http://yandex.com/bots mon1)"
5.255.210.93 - - [06/Nov/2013:11:56:06 +0400] "GET / HTTP/1.0" 200 67026 "-" "Mozilla/5.0 (compatible; YandexMetrika/2.0; +http://yandex.com/bots mon3v2)"
5.255.210.93 - - [06/Nov/2013:12:29:31 +0400] "GET / HTTP/1.0" 200 67026 "-" "Mozilla/5.0 (compatible; YandexMetrika/2.0; +http://yandex.com/bots mon3)"
213.180.206.197 - - [06/Nov/2013:12:38:46 +0400] "GET / HTTP/1.0" 200 67026 "-" "Mozilla/5.0 (compatible; YandexMetrika/2.0; +http://yandex.com/bots mon2)"
178.154.224.114 - - [06/Nov/2013:14:20:29 +0400] "GET / HTTP/1.0" 200 67026 "-" "Mozilla/5.0 (compatible; YandexMetrika/2.0; +http://yandex.com/bots TEST)"
95.108.129.207 - - [06/Nov/2013:14:40:24 +0400] "GET / HTTP/1.0" 200 67026 "-" "Mozilla/5.0 (compatible; YandexMetrika/2.0; +http://yandex.com/bots mon1)"
5.255.210.93 - - [06/Nov/2013:15:33:57 +0400] "GET / HTTP/1.0" 200 67026 "-" "Mozilla/5.0 (compatible; YandexMetrika/2.0; +http://yandex.com/bots mon3)"
95.108.245.252 - - [06/Nov/2013:15:38:35 +0400] "GET /robots.txt HTTP/1.0" 404 1411 "-" "Mozilla/5.0 (compatible; YandexBot/3.0; +http://yandex.com/bots)"
213.180.206.197 - - [06/Nov/2013:15:45:40 +0400] "GET / HTTP/1.0" 200 67026 "-" "Mozilla/5.0 (compatible; YandexMetrika/2.0; +http://yandex.com/bots mon2)"
5.255.210.93 - - [06/Nov/2013:16:57:53 +0400] "GET / HTTP/1.0" 200 67026 "-" "Mozilla/5.0 (compatible; YandexMetrika/2.0; +http://yandex.com/bots mon3v2)"
178.154.224.114 - - [06/Nov/2013:17:25:26 +0400] "GET / HTTP/1.0" 200 67026 "-" "Mozilla/5.0 (compatible; YandexMetrika/2.0; +http://yandex.com/bots TEST)"
95.108.129.207 - - [06/Nov/2013:17:47:39 +0400] "GET / HTTP/1.0" 200 67026 "-" "Mozilla/5.0 (compatible; YandexMetrika/2.0; +http://yandex.com/bots mon1)"
95.79.97.91 - - [06/Nov/2013:18:29:56 +0400] "GET / HTTP/1.0" 200 67026 "-" "Mozilla/5.0 (Windows NT 6.2; WOW64) AppleWebKit/537.36 (KHTML, like Gecko) Chrome/30.0.1599.101 Safari/537.36"
95.79.97.91 - - [06/Nov/2013:18:29:57 +0400] "GET /design2.css HTTP/1.0" 200 3590 "http://www.gruzvezet52.ru/" "Mozilla/5.0 (Windows NT 6.2; WOW64) AppleWebKit/537.36 (KHTML, like Gecko) Chrome/30.0.1599.101 Safari/537.36"
95.79.97.91 - - [06/Nov/2013:18:29:57 +0400] "GET /images/in1.png HTTP/1.0" 200 68557 "http://www.gruzvezet52.ru/" "Mozilla/5.0 (Windows NT 6.2; WOW64) AppleWebKit/537.36 (KHTML, like Gecko) Chrome/30.0.1599.101 Safari/537.36"
95.79.97.91 - - [06/Nov/2013:18:29:57 +0400] "GET /images/in2.png HTTP/1.0" 200 58652 "http://www.gruzvezet52.ru/" "Mozilla/5.0 (Windows NT 6.2; WOW64) AppleWebKit/537.36 (KHTML, like Gecko) Chrome/30.0.1599.101 Safari/537.36"
95.79.97.91 - - [06/Nov/2013:18:29:57 +0400] "GET /images/in3.png HTTP/1.0" 200 64516 "http://www.gruzvezet52.ru/" "Mozilla/5.0 (Windows NT 6.2; WOW64) AppleWebKit/537.36 (KHTML, like Gecko) Chrome/30.0.1599.101 Safari/537.36"
95.79.97.91 - - [06/Nov/2013:18:29:57 +0400] "GET /images/column.jpg HTTP/1.0" 200 373 "http://www.gruzvezet52.ru/" "Mozilla/5.0 (Windows NT 6.2; WOW64) AppleWebKit/537.36 (KHTML, like Gecko) Chrome/30.0.1599.101 Safari/537.36"
95.79.97.91 - - [06/Nov/2013:18:29:57 +0400] "GET /images/logo.jpg HTTP/1.0" 200 351 "http://www.gruzvezet52.ru/" "Mozilla/5.0 (Windows NT 6.2; WOW64) AppleWebKit/537.36 (KHTML, like Gecko) Chrome/30.0.1599.101 Safari/537.36"
95.79.97.91 - - [06/Nov/2013:18:29:57 +0400] "GET /images/main_photo.jpg HTTP/1.0" 200 10314 "http://www.gruzvezet52.ru/" "Mozilla/5.0 (Windows NT 6.2; WOW64) AppleWebKit/537.36 (KHTML, like Gecko) Chrome/30.0.1599.101 Safari/537.36"
95.79.97.91 - - [06/Nov/2013:18:29:57 +0400] "GET /images/skidka.jpg HTTP/1.0" 200 24249 "http://www.gruzvezet52.ru/" "Mozilla/5.0 (Windows NT 6.2; WOW64) AppleWebKit/537.36 (KHTML, like Gecko) Chrome/30.0.1599.101 Safari/537.36"
95.79.97.91 - - [06/Nov/2013:18:29:57 +0400] "GET /images/shadow.jpg HTTP/1.0" 200 1081 "http://www.gruzvezet52.ru/" "Mozilla/5.0 (Windows NT 6.2; WOW64) AppleWebKit/537.36 (KHTML, like Gecko) Chrome/30.0.1599.101 Safari/537.36"
95.79.97.91 - - [06/Nov/2013:18:29:57 +0400] "GET /images/footer.jpg HTTP/1.0" 200 479 "http://www.gruzvezet52.ru/" "Mozilla/5.0 (Windows NT 6.2; WOW64) AppleWebKit/537.36 (KHTML, like Gecko) Chrome/30.0.1599.101 Safari/537.36"
5.255.210.93 - - [06/Nov/2013:18:38:45 +0400] "GET / HTTP/1.0" 200 67026 "-" "Mozilla/5.0 (compatible; YandexMetrika/2.0; +http://yandex.com/bots mon3)"
213.180.206.197 - - [06/Nov/2013:18:52:54 +0400] "GET / HTTP/1.0" 200 67026 "-" "Mozilla/5.0 (compatible; YandexMetrika/2.0; +http://yandex.com/bots mon2)"
